// Jest Snapshot v1, https://goo.gl/fbAQLP

exports[`renders a input 1`] = `
<div>
  <input
    autocomplete="off"
    class="border rounded shadow w-full px-3 py-2 leading-tight text-gray-700 appearance-none focus:outline-none focus:shadow-outline"
    maxlength="8"
    placeholder="Input"
    type="text"
  />
</div>
`;
